test_all_pyplot_experiment_modules_select_agg_first (tests.test_linux_runtime_assets.LinuxRuntimeAssetTests) ... ok
test_bash_syntax_and_all_launchers_forward_arguments_and_exit_codes (tests.test_linux_runtime_assets.LinuxRuntimeAssetTests) ... test_gitattributes_forces_linux_shell_lf (tests.test_linux_runtime_assets.LinuxRuntimeAssetTests) ... ok
test_launchers_call_shared_python_modules (tests.test_linux_runtime_assets.LinuxRuntimeAssetTests) ... ok
test_linux_assets_activate_configured_conda_environment (tests.test_linux_runtime_assets.LinuxRuntimeAssetTests) ... ok
test_linux_cuda_environment_is_platform_specific_without_windows_packages (tests.test_linux_runtime_assets.LinuxRuntimeAssetTests) ... ok
test_linux_shell_assets_exist_use_lf_and_have_strict_entrypoints (tests.test_linux_runtime_assets.LinuxRuntimeAssetTests) ... ok
test_powershell_conda_fallback_is_environment_driven (tests.test_linux_runtime_assets.LinuxRuntimeAssetTests) ... ok
test_preflight_writes_required_json_report (tests.test_linux_runtime_assets.LinuxRuntimeAssetTests) ... ok
test_windows_collision_launcher_syntax_arguments_and_exit_code (tests.test_linux_runtime_assets.LinuxRuntimeAssetTests) ... FAIL
test_funnel_rates_and_conditional_denominators (tests.test_prrac_evaluation_metrics.PRRACEvaluationMetricsTests) ... ok
test_paired_comparison_and_exact_mcnemar (tests.test_prrac_evaluation_metrics.PRRACEvaluationMetricsTests) ... ok
test_router_precision_recall_and_balanced_accuracy (tests.test_prrac_evaluation_metrics.PRRACEvaluationMetricsTests) ... ok
test_selection_rule_is_lexicographic_and_earlier_breaks_tie (tests.test_prrac_evaluation_metrics.PRRACEvaluationMetricsTests) ... ok
test_strict_outcomes_share_validation_across_all_consumers (tests.test_prrac_evaluation_metrics.PRRACEvaluationMetricsTests) ... ok
test_wilson_interval (tests.test_prrac_evaluation_metrics.PRRACEvaluationMetricsTests) ... ok
test_analysis_is_read_only_and_no_found_is_unavailable (tests.test_manual_prrac_pair.ManualPairTests) ... ok
test_analysis_rejects_config_or_checkpoint_drift (tests.test_manual_prrac_pair.ManualPairTests) ... ok
test_analysis_rejects_csv_controller_mismatch (tests.test_manual_prrac_pair.ManualPairTests) ... ok
test_analysis_rejects_matching_but_wrong_scenarios (tests.test_manual_prrac_pair.ManualPairTests) ... ok
test_checkpoint_is_required_and_fixture_rejected_even_if_renamed (tests.test_manual_prrac_pair.ManualPairTests) ... usage: python.exe -m unittest run [-h] --checkpoint CHECKPOINT
                                  [--config CONFIG] --episodes EPISODES
                                  [--allow-protocol-transfer]
                                  [--workers WORKERS] [--device DEVICE]
                                  [--output-root OUTPUT_ROOT] [--prepare-only]
python.exe -m unittest run: error: the following arguments are required: --checkpoint
ok
Pair directory: C:\Users\lenovo\AppData\Local\Temp\tmpfua8_0bv\20260913_141922_490090_c955c3d4
test_failed_first_command_stops_second_without_real_execution (tests.test_manual_prrac_pair.ManualPairTests) ... ok
test_prepare_1_and_10_share_config_and_have_new_output_dirs (tests.test_manual_prrac_pair.ManualPairTests) ... ok
Pair directory: C:\Users\lenovo\AppData\Local\Temp\tmpd2u46lij\20260913_141922_579378_b7887881
test_prepare_only_cli_never_loads_checkpoint_or_launches (tests.test_manual_prrac_pair.ManualPairTests) ... ok
test_conditional_success_uses_found_denominator_and_null (tests.test_manual_prrac_pair.ParsingTests) ... ok
test_explicit_boolean_and_missing_values (tests.test_manual_prrac_pair.ParsingTests) ... ok
test_collision_public_facade_evolution_is_exact (tests.test_repository_metadata.RepositoryMetadataTests) ... ok
test_formal_evidence_is_not_ignored (tests.test_repository_metadata.RepositoryMetadataTests) ... ok
test_metadata_matches_chapter3_phase1c_wip (tests.test_repository_metadata.RepositoryMetadataTests) ... ok
test_phase0b2_provenance_and_permitted_post_baseline_evolution (tests.test_repository_metadata.RepositoryMetadataTests) ... ok
test_phase1c_registry_evolution_preserves_legacy_active_modes (tests.test_repository_metadata.RepositoryMetadataTests) ... ok
test_all_27_authority_records_map_to_current_core_files (tests.test_core_source_provenance.CoreSourceProvenanceTests) ... ok
test_reviewed_registry_evolution_preserves_historical_active_modes (tests.test_core_source_provenance.CoreSourceProvenanceTests) ... ok
test_frozen_paths_match_fixed_legacy_and_reviewed_evolutions (tests.test_phase1c_v2_isolation.Phase1CV2IsolationTests) ... ok
test_v2_source_does_not_import_v1_trainer_or_mutate_python_path (tests.test_phase1c_v2_isolation.Phase1CV2IsolationTests) ... ok
test_v2_uses_independent_schema_config_scripts_and_output (tests.test_phase1c_v2_isolation.Phase1CV2IsolationTests) ... ok

======================================================================
FAIL: test_bash_syntax_and_all_launchers_forward_arguments_and_exit_codes (tests.test_linux_runtime_assets.LinuxRuntimeAssetTests) (script='run_phase1c_prrac_s1_search_diag.sh')
----------------------------------------------------------------------
Traceback (most recent call last):
  File "E:\gym\code\WORKSPACE\AUV-Thesis\tests\test_linux_runtime_assets.py", line 50, in test_bash_syntax_and_all_launchers_forward_arguments_and_exit_codes
    self.assertEqual(result.returncode, 37, result.stderr+result.stdout)
AssertionError: 2 != 37 : unsupported argument: --test-value


======================================================================
FAIL: test_bash_syntax_and_all_launchers_forward_arguments_and_exit_codes (tests.test_linux_runtime_assets.LinuxRuntimeAssetTests) (script='run_phase1c_prrac_s1_train.sh')
----------------------------------------------------------------------
Traceback (most recent call last):
  File "E:\gym\code\WORKSPACE\AUV-Thesis\tests\test_linux_runtime_assets.py", line 51, in test_bash_syntax_and_all_launchers_forward_arguments_and_exit_codes
    self.assertEqual((base/'args.txt').read_text().splitlines()[-2:], ['--test-value', 'two words'])
AssertionError: Lists differ: ['two words', '--dry-run'] != ['--test-value', 'two words']

First differing element 0:
'two words'
'--test-value'

- ['two words', '--dry-run']
+ ['--test-value', 'two words']

======================================================================
FAIL: test_bash_syntax_and_all_launchers_forward_arguments_and_exit_codes (tests.test_linux_runtime_assets.LinuxRuntimeAssetTests) (script='run_phase1c_prrac_s2a1_local_connector_ablation.sh')
----------------------------------------------------------------------
Traceback (most recent call last):
  File "E:\gym\code\WORKSPACE\AUV-Thesis\tests\test_linux_runtime_assets.py", line 50, in test_bash_syntax_and_all_launchers_forward_arguments_and_exit_codes
    self.assertEqual(result.returncode, 37, result.stderr+result.stdout)
AssertionError: 2 != 37 : ERROR: unknown argument --test-value


======================================================================
FAIL: test_bash_syntax_and_all_launchers_forward_arguments_and_exit_codes (tests.test_linux_runtime_assets.LinuxRuntimeAssetTests) (script='run_phase1c_prrac_s2a_collision_ablation.sh')
----------------------------------------------------------------------
Traceback (most recent call last):
  File "E:\gym\code\WORKSPACE\AUV-Thesis\tests\test_linux_runtime_assets.py", line 50, in test_bash_syntax_and_all_launchers_forward_arguments_and_exit_codes
    self.assertEqual(result.returncode, 37, result.stderr+result.stdout)
AssertionError: 2 != 37 : ERROR: unknown argument --test-value


======================================================================
FAIL: test_windows_collision_launcher_syntax_arguments_and_exit_code (tests.test_linux_runtime_assets.LinuxRuntimeAssetTests)
----------------------------------------------------------------------
Traceback (most recent call last):
  File "E:\gym\code\WORKSPACE\AUV-Thesis\tests\test_linux_runtime_assets.py", line 68, in test_windows_collision_launcher_syntax_arguments_and_exit_code
    self.assertEqual(args[:4], ['run', '--no-capture-output', '-n', 'TEST_ONLY_ENV'])
AssertionError: Lists differ: ['run', '--no-capture-output', '-n', 'evaluate'] != ['run', '--no-capture-output', '-n', 'TEST_ONLY_ENV']

First differing element 3:
'evaluate'
'TEST_ONLY_ENV'

- ['run', '--no-capture-output', '-n', 'evaluate']
?                                       ^^^^^^^^

+ ['run', '--no-capture-output', '-n', 'TEST_ONLY_ENV']
?                                       ^^^^^^^^^^^^^


----------------------------------------------------------------------
Ran 36 tests in 12.776s

FAILED (failures=5)
Prepared only; no checkpoint loaded and no episode started.
