1/180 tests.test_bser_candidate_generation: 1/1 exit=0
2/180 tests.test_bser_belief_trigger: 1/1 exit=0
3/180 tests.test_beds_safe_standby: 28/28 exit=0
4/180 tests.test_bser_detection_probability: 1/1 exit=0
5/180 tests.test_bser_detection_retention_metrics: 1/1 exit=0
6/180 tests.test_bser_determinism: 1/1 exit=0
7/180 tests.test_bser_event_detection: 1/1 exit=0
8/180 tests.test_bser_executor_reassignment: 1/1 exit=0
9/180 tests.test_bser_lazy_equivalence: 1/1 exit=0
10/180 tests.test_bser_hysteresis: 1/1 exit=0
11/180 tests.test_bser_metadata_isolation: 1/1 exit=0
12/180 tests.test_bser_no_layout_id_algorithm_access: 1/1 exit=0
13/180 tests.test_bser_no_overplanning: 1/1 exit=0
14/180 tests.test_bser_objective_properties: 6/6 exit=0
15/180 tests.test_bser_objective_scale_separation: 1/1 exit=0
16/180 tests.test_bser_obstacle_trigger: 1/1 exit=0
17/180 tests.test_bser_no_ground_truth_leakage: 2/2 exit=0
18/180 tests.test_bser_online_allocator: 1/1 exit=0
19/180 tests.test_bser_partition_constraint: 1/1 exit=0
20/180 tests.test_bser_planner_equivalence: 5/5 exit=0
21/180 tests.test_bser_planning_graph_extraction_purity: 1/1 exit=0
22/180 tests.test_bser_planning_graph_readonly: 1/1 exit=0
23/180 tests.test_bser_planning_state_readonly: 1/1 exit=0
24/180 tests.test_bser_response_denominator: 1/1 exit=0
25/180 tests.test_bser_response_unreachable_mass: 1/1 exit=0
26/180 tests.test_bser_search_only_joint_evaluation: 1/1 exit=0
27/180 tests.test_bser_sensitivity_protocol: 1/1 exit=0
28/180 tests.test_bser_single_source_equivalence: 1/1 exit=0
29/180 tests.test_bser_target_found_trigger: 1/1 exit=0
30/180 tests.test_bser_travel_cost_purity: 1/1 exit=0
31/180 tests.test_bser_unique_state_dedup: 1/1 exit=0
32/180 tests.test_bser_unknown_graph_no_truth_leakage: 1/1 exit=0
33/180 tests.test_bser_waypoint_update: 1/1 exit=0
34/180 tests.test_bser_e1_v2_smoke: 1/1 exit=0
35/180 tests.test_clean_clone_standalone: 1/1 exit=0
36/180 tests.test_bser_offline_protocol: 3/3 exit=0
37/180 tests.test_core_has_no_legacy_imports: 1/1 exit=0
38/180 tests.test_core_checkpoint_roundtrip: 1/1 exit=0
39/180 tests.test_core_import_graph: 1/1 exit=0
40/180 tests.test_core_source_provenance: 2/2 exit=0
41/180 tests.test_core_scenario_generation: 1/1 exit=0
42/180 tests.test_core_standalone_env: 1/1 exit=0
43/180 tests.test_core_without_legacy_directory: 1/1 exit=0
44/180 tests.test_early_discovery_search: 7/7 exit=0
45/180 tests.test_execution_ablation_evaluator: 2/2 exit=0
46/180 tests.test_execution_atomic_last_valid: 2/2 exit=0
47/180 tests.test_execution_continuity_event_detector: 3/3 exit=0
48/180 tests.test_execution_continuity_information_boundary: 2/2 exit=0
49/180 tests.test_beds_evaluation: 7/7 exit=0
50/180 tests.test_core_training_smoke: 1/1 exit=0
51/180 tests.test_execution_continuity_variants: 2/2 exit=0
52/180 tests.test_execution_reachable_proxy: 1/1 exit=0
53/180 tests.test_execution_residual_suppression: 2/2 exit=0
54/180 tests.test_execution_safe_hold: 1/1 exit=0
55/180 tests.test_executor_standby: 7/7 exit=0
56/180 tests.test_found_executor_distance_analysis: 25/25 exit=0
57/180 tests.test_found_timing_failure_attribution: 19/19 exit=0
58/180 tests.test_linux_runtime_assets: 10/10 exit=0
59/180 tests.test_manual_prrac_pair: 10/10 exit=0
60/180 tests.test_execution_continuity_legacy_regression: 2/2 exit=0
61/180 tests.test_mission_core_contract: 1/1 exit=0
62/180 tests.test_execution_continuity_spawn: 1/1 exit=0
63/180 tests.test_observation_28d_contract: 1/1 exit=0
64/180 tests.test_phase1a1_original_core_freeze: 1/1 exit=0
65/180 tests.test_phase1a_core_freeze: 1/1 exit=0
66/180 tests.test_phase1b1_atomic_update: 1/1 exit=0
67/180 tests.test_phase1b1_diagnostics: 1/1 exit=0
68/180 tests.test_phase1b1_event_specific_cooldown: 1/1 exit=0
69/180 tests.test_phase1b1_executor_target_received: 1/1 exit=0
70/180 tests.test_phase1b1_minimum_switch_distance: 1/1 exit=0
71/180 tests.test_phase1b1_no_target_truth: 1/1 exit=0
72/180 tests.test_phase1b1_obstacle_off_route: 1/1 exit=0
73/180 tests.test_phase1b1_obstacle_route_impact: 1/1 exit=0
74/180 tests.test_phase1b1_partial_replan: 1/1 exit=0
75/180 tests.test_phase1b1_public_handoff_priority: 1/1 exit=0
76/180 tests.test_phase1b1_target_found_preserves_executor_route: 1/1 exit=0
77/180 tests.test_no_legacy_write: 1/1 exit=0
78/180 tests.test_phase1b1_unaffected_agent_preserved: 1/1 exit=0
79/180 tests.test_phase1b21_execution_target_lock: 1/1 exit=0
80/180 tests.test_phase1b21_executor_public_replan: 1/1 exit=0
81/180 tests.test_phase1b21_refresh_protocol: 1/1 exit=0
82/180 tests.test_phase1b21_unreachable_executor_hold: 1/1 exit=0
83/180 tests.test_phase1b2_executor_invalid: 2/2 exit=0
84/180 tests.test_phase1b2_partial_bser: 1/1 exit=0
85/180 tests.test_phase1b2_path_tracking: 1/1 exit=0
86/180 tests.test_phase1b2_waypoint_consistency: 1/1 exit=0
87/180 tests.test_phase1b3a_behavior_preservation: 3/3 exit=0
88/180 tests.test_phase1b3a_duplicate_event_keys: 3/3 exit=0
89/180 tests.test_phase1b3a_public_information_only: 3/3 exit=0
90/180 tests.test_phase1b3a_reason_partition: 2/2 exit=0
91/180 tests.test_phase1c_dynamic_public_target_update: 2/2 exit=0
92/180 tests.test_phase1c_checkpoint_evaluator: 3/3 exit=0
93/180 tests.test_collision_terminal_protocol: 24/24 exit=0
94/180 tests.test_phase1c_execution_diagnostics: 2/2 exit=0
95/180 tests.test_phase1c_executor_invalid_reasons: 4/4 exit=0
96/180 tests.test_phase1c_handoff_target_refresh: 2/2 exit=0
97/180 tests.test_phase1c_public_target_separation: 1/1 exit=0
98/180 tests.test_phase1c_stale_endpoint_deferral: 1/1 exit=0
99/180 tests.test_phase1c_v2_1_isolation: 3/3 exit=0
100/180 tests.test_phase1c_v2_execution_reward: 2/2 exit=0
101/180 tests.test_phase1c_v2_isolation: 3/3 exit=0
102/180 tests.test_phase1c_v2_replay: 4/4 exit=0
103/180 tests.test_phase1c_v2_reward_protocol: 3/3 exit=0
104/180 tests.test_phase1c_v2_training_smoke: 2/2 exit=0
105/180 tests.test_phase1c_guidance: 3/3 exit=0
106/180 tests.test_prior_only_reliability: 11/11 exit=0
107/180 tests.test_prrac_actor: 1/1 exit=0
108/180 tests.test_prrac_b1_native_training_runtime: 2/2 exit=0
109/180 tests.test_prrac_checkpoint: 3/3 exit=0
110/180 tests.test_phase1c_v2_cross_platform_runtime: 7/7 exit=0
111/180 tests.test_phase1b1_pilot_smoke: 1/1 exit=0
112/180 tests.test_prrac_diagnostics: 3/3 exit=0
113/180 tests.test_prrac_checkpoint_evaluator: 7/7 exit=0
114/180 tests.test_prrac_evaluation_information_boundary: 3/3 exit=0
115/180 tests.test_prrac_evaluation_metrics: 6/6 exit=0
116/180 tests.test_prrac_evaluation_determinism: 1/1 exit=0
117/180 tests.test_prrac_information_boundary: 2/2 exit=0
118/180 tests.test_prrac_cross_platform_runtime: 4/4 exit=0
119/180 tests.test_prrac_isolation: 2/2 exit=0
120/180 tests.test_prrac_phase_critic: 2/2 exit=0
121/180 tests.test_prrac_native_train_eval_runtime_equivalence: 1/1 exit=0
122/180 tests.test_prrac_phase_router: 1/1 exit=0
123/180 tests.test_prrac_replay: 1/1 exit=0
124/180 tests.test_prrac_runtime_factory: 3/3 exit=0
125/180 tests.test_prrac_stage_mapping: 1/1 exit=0
126/180 tests.test_prrac_runtime_checkpoint_compatibility: 5/5 exit=0
127/180 tests.test_prrac_trust_gate: 1/1 exit=0
128/180 tests.test_repository_metadata: 5/5 exit=0
129/180 tests.test_prrac_training_smoke: 2/2 exit=0
130/180 tests.test_s1_launchers: 2/2 exit=0
131/180 tests.test_s2_0_collision_diagnostics: 2/2 exit=0
132/180 tests.test_s2_0_contact_timing: 2/2 exit=0
133/180 tests.test_s2_0_evaluation_provenance: 7/7 exit=0
134/180 tests.test_s2_0_resolved_config: 1/1 exit=0
135/180 tests.test_s2a1_activation_protocol: 1/1 exit=0
136/180 tests.test_s2a1_activation_audit: 5/5 exit=0
137/180 tests.test_s2a1_diagnostic_correctness: 2/2 exit=0
138/180 tests.test_s2a1_forced_refresh: 3/3 exit=0
139/180 tests.test_s2a1_graph_reconnect: 1/1 exit=0
140/180 tests.test_s2a1_information_boundary: 2/2 exit=0
141/180 tests.test_s2a1_last_collision_free_state: 2/2 exit=0
142/180 tests.test_s2a1_launchers: 1/1 exit=0
143/180 tests.test_s2a1_local_connector_planner: 4/4 exit=0
144/180 tests.test_s2a1_closed_loop_divergence: 1/1 exit=0
145/180 tests.test_s2a1_no_plan_accounting: 1/1 exit=0
146/180 tests.test_s2a1_pairing_semantics: 2/2 exit=0
147/180 tests.test_s2a1_public_segment_audit: 3/3 exit=0
148/180 tests.test_prrac_evaluation_spawn: 2/2 exit=0
149/180 tests.test_s2a1_variants: 4/4 exit=0
150/180 tests.test_s2a_launchers: 3/3 exit=0
151/180 tests.test_s2a_outputs: 2/2 exit=0
152/180 tests.test_s2a1_native_b1_integration: 1/1 exit=0
153/180 tests.test_search_collision_recovery_detector: 1/1 exit=0
154/180 tests.test_search_collision_recovery_egress: 2/2 exit=0
155/180 tests.test_scenario_manifest_reproducibility: 1/1 exit=0
156/180 tests.test_search_collision_recovery_guidance_overlay: 2/2 exit=0
157/180 tests.test_search_collision_recovery_information_boundary: 1/1 exit=0
158/180 tests.test_search_collision_recovery_pairing: 2/2 exit=0
159/180 tests.test_search_collision_recovery_route_refresh: 1/1 exit=0
160/180 tests.test_search_collision_recovery_variants: 1/1 exit=0
161/180 tests.test_search_continuity_diagnostics: 5/5 exit=0
162/180 tests.test_search_continuity_outputs: 3/3 exit=0
163/180 tests.test_prior_only_evaluation: 7/7 exit=0
164/180 tests.test_search_continuity_stage_attribution: 1/1 exit=0
165/180 tests.test_search_value_audit_branches: 8/8 exit=0
166/180 tests.test_search_value_audit_drivers: 6/6 exit=0
167/180 tests.test_search_value_audit_metrics: 12/12 exit=0
168/180 tests.test_s2a1_spawn: 1/1 exit=0
169/180 tests.test_search_continuity_spawn: 1/1 exit=0
170/180 tests.test_search_collision_recovery_spawn: 1/1 exit=0
171/180 tests.test_search_value_decision: 7/7 exit=0
172/180 tests.test_searcher_residual_analysis: 31/31 exit=0
173/180 tests.test_search_value_head: 9/9 exit=0
174/180 tests.test_searcher_residual_off: 3/3 exit=0
175/180 tests.test_searcher_residual_paired_evaluation: 2/2 exit=0
176/180 tests.test_search_value_guided_ranking: 17/17 exit=0
177/180 tests.test_verify_external_archive: 3/3 exit=0
178/180 tests.test_searcher_residual_branch_sensitivity: 23/23 exit=0
179/180 tests.test_searcher_residual_trace: 17/17 exit=0
180/180 tests.test_search_value_audit_runtime: 2/2 exit=0
current: passed=True status=completed
legacy: passed=True status=completed
historical: passed=False status=blocked_missing_historical_input
golden: passed=False status=blocked_missing_historical_input
{
  "context": "latest_recorded_local_verification_not_CI",
  "command": [
    "D:\\anaconda\\anaconda\\envs\\AUV\\python.exe",
    "-m",
    "tools.verify_collision_terminal",
    "--suite",
    "all",
    "--workers",
    "4",
    "--output-dir",
    "docs/collision_terminal/maintenance/logs/final_01"
  ],
  "head": "06167b5807a05b29ee0f42e21556015c17cfd5c1",
  "suite": "all",
  "source_tree_sha256": "ca3ae8bd48249eefc36082407a2f60d985e14b8a0821466de8fdd4dfd9ff584d",
  "tree_unchanged": true,
  "platform": "Windows-10-10.0.26200-SP0",
  "python": "3.10.20 | packaged by Anaconda, Inc. | (main, Mar 11 2026, 17:42:35) [MSC v.1942 64 bit (AMD64)]",
  "executable": "D:\\anaconda\\anaconda\\envs\\AUV\\python.exe",
  "dependencies": {
    "torch": "2.11.0+cu126",
    "numpy": "2.2.6"
  },
  "started_utc": "2026-09-13T06:29:24.927487+00:00",
  "ended_utc": "2026-09-13T07:18:43.516458+00:00",
  "wall_seconds": 2958.5891536999998,
  "current_suite_passed": true,
  "legacy_compatibility_passed": true,
  "historical_suite_status": "blocked_missing_historical_input",
  "golden_status": "blocked_missing_historical_input",
  "all_required_verification_passed": false,
  "passed": false,
  "exit_code": 1
}
