test_every_integration_path_and_frozen_reference_is_protected (tests.test_d2_provenance.D2ProvenanceTests) ... ok
test_exact_git_reference_profile_and_mixed_reference_rejection (tests.test_d2_provenance.D2ProvenanceTests) ... ok
test_no_reseal_can_expand_scope_or_change_before_hash (tests.test_d2_provenance.D2ProvenanceTests) ... ok
test_baseline_maddpg_evolution_exists_and_records_independent_methods (tests.test_ch3_baseline_provenance.BaselineProvenanceTests) ... ok
test_changed_removed_and_added_baseline_inputs_are_rejected (tests.test_ch3_baseline_provenance.BaselineProvenanceTests) ... ok
test_evolution_preserves_all_historical_records_and_exact_new_hashes (tests.test_ch3_baseline_provenance.BaselineProvenanceTests) ... ok
test_final_pin_integrity_and_native_checkpoint_identity_are_retained (tests.test_ch3_baseline_provenance.BaselineProvenanceTests) ... ok
test_invalid_manifest_or_changed_production_binding_is_rejected (tests.test_ch3_baseline_provenance.BaselineProvenanceTests) ... ok
test_linux_inventory_excludes_windows_bytes_but_launchers_still_run (tests.test_ch3_baseline_provenance.BaselineProvenanceTests) ... ok
test_linux_provenance_platform_independent (tests.test_ch3_baseline_provenance.BaselineProvenanceTests) ... ok
test_real_source_inventory_changes_fail_for_every_protected_directory (tests.test_ch3_baseline_provenance.BaselineProvenanceTests) ... ok
test_scanner_keeps_linux_byte_protection_and_ignores_windows_eol (tests.test_ch3_baseline_provenance.BaselineProvenanceTests) ... ok
test_unsealed_notes_are_ignored_but_historical_metadata_is_frozen (tests.test_ch3_baseline_provenance.BaselineProvenanceTests) ... ok
test_all_complete_reviewed_byte_profiles_and_mixed_profile_rejection (tests.test_safe_search_provenance.SafeSearchProvenanceTests) ... ok
test_changed_removed_added_files_rejected_in_every_scope (tests.test_safe_search_provenance.SafeSearchProvenanceTests) ... ok
test_current_exact_inventory_and_no_source_normalization (tests.test_safe_search_provenance.SafeSearchProvenanceTests) ... ok
test_d2_mainline_uses_exact_successor_without_rewriting_old_gate (tests.test_safe_search_provenance.SafeSearchProvenanceTests) ... ok
test_historical_manifests_and_all_27_records_are_frozen (tests.test_safe_search_provenance.SafeSearchProvenanceTests) ... ok
test_manifest_hash_scope_before_records_and_unused_profiles_checked (tests.test_safe_search_provenance.SafeSearchProvenanceTests) ... ok
test_b0_b1_unchanged (tests.test_ch3_baseline_training.TrainingEntryTests) ... ok
test_evaluation_rejects_hgr_checkpoint (tests.test_ch3_baseline_training.TrainingEntryTests) ... ok
test_training_check_only (tests.test_ch3_baseline_training.TrainingEntryTests) ... ok
test_check_only_never_constructs_trainer_or_writes_outputs (tests.test_ch3_baseline_validation.ContractValidationTests) ... ok
test_direct_training_configs_preserve_the_common_task (tests.test_ch3_baseline_validation.ContractValidationTests) ... ok
test_entry_help_and_training_rejection_for_priors (tests.test_ch3_baseline_validation.ContractValidationTests) ... ok
test_frozen_production_and_baseline_source_gates (tests.test_ch3_baseline_validation.ContractValidationTests) ... ok
test_registry_module_and_exact_four_contracts (tests.test_ch3_baseline_validation.ContractValidationTests) ... ok
VALIDATION_PLANNING_PATHS {"B0": {"objective": 0.9045220923342497, "search_only_calls": 1, "joint_calls": 0, "standby_generation_calls": 0, "objective_search_only_flags": [true], "response_weight_reads": 0}, "B1": {"objective": 0.859134250382136, "search_only_calls": 0, "joint_calls": 1, "standby_generation_calls": 1, "objective_search_only_flags": [false], "response_weight_reads": 196}}
test_same_planning_state_has_distinct_objective_and_standby_paths (tests.test_ch3_baseline_validation.ContractValidationTests) ... ok

----------------------------------------------------------------------
Ran 28 tests in 169.206s

OK
