Modules: ['tests.test_bser_effect', 'tests.test_bser_effect_integration', 'tests.test_bser_effect_runner', 'tests.test_bser_final', 'tests.test_bser_final_integration', 'tests.test_bser_final_runner', 'tests.test_ch3_baseline_provenance', 'tests.test_ch3_baseline_registry', 'tests.test_ch3_baseline_training', 'tests.test_ch3_baseline_validation', 'tests.test_collision_terminal_protocol', 'tests.test_found_search_v2', 'tests.test_found_search_v2_integration', 'tests.test_found_search_v2_runner', 'tests.test_hgr_decision_experiment', 'tests.test_hgr_decision_statistics', 'tests.test_hgr_evaluation', 'tests.test_hgr_integration', 'tests.test_hgr_mechanism', 'tests.test_hgr_phase1', 'tests.test_hgr_phase1_legacy_fixture', 'tests.test_hgr_phase1_runtime_synthetic', 'tests.test_hgr_phase2_config_validation', 'tests.test_hgr_phase2_gradient_efficiency', 'tests.test_hgr_phase2_policy_export', 'tests.test_hgr_phase2_source_builder', 'tests.test_hgr_source_portability', 'tests.test_hgr_suffix_diagnostics', 'tests.test_observation_28d_contract', 'tests.test_phase1b21_execution_target_lock', 'tests.test_phase1b21_executor_public_replan', 'tests.test_phase1b21_refresh_protocol', 'tests.test_phase1b21_unreachable_executor_hold', 'tests.test_phase1b2_executor_invalid', 'tests.test_phase1b2_partial_bser', 'tests.test_phase1b2_path_tracking', 'tests.test_phase1b2_waypoint_consistency', 'tests.test_repository_metadata', 'tests.test_safe_search_ac_analysis', 'tests.test_safe_search_ac_development', 'tests.test_safe_search_ac_runtime', 'tests.test_safe_search_analysis', 'tests.test_safe_search_b1_analysis', 'tests.test_safe_search_b1_development', 'tests.test_safe_search_b1_remaining', 'tests.test_safe_search_coverage', 'tests.test_safe_search_coverage_integration', 'tests.test_safe_search_development', 'tests.test_safe_search_geometry', 'tests.test_safe_search_guidance', 'tests.test_safe_search_missing_recovery', 'tests.test_safe_search_provenance', 'tests.test_safe_search_runner', 'tests.test_safe_search_runtime', 'tests.test_safe_search_runtime_review', 'tests.test_safe_search_telemetry']
test_acceptance_has_equal_opportunities_but_keeps_cooldown_and_post_found_policy (tests.test_bser_effect.AllocationTests) ... ok
test_d2_reselects_standby_after_retaining_old_search_and_rescores (tests.test_bser_effect.AllocationTests) ... ok
test_fixed_anchor_unreachable_stays_unreachable_without_belief_fallback (tests.test_bser_effect.AllocationTests) ... ok
test_partial_omitted_agents_are_fixed_and_missing_candidates_rejected (tests.test_bser_effect.AllocationTests) ... ok
test_unaffected_executor_route_preserved_even_when_anchor_cannot_be_replanned (tests.test_bser_effect.AllocationTests) ... ok
test_d2_search_cannot_be_changed_by_response_weights (tests.test_bser_effect.SolverTests) ... ok
test_four_arms_separate_response_weighting_and_standby (tests.test_bser_effect.SolverTests) ... ok
test_frozen_zero_gain_agent_retained_in_all_partial_solves (tests.test_bser_effect.SolverTests) ... ok
test_all_arms_use_real_zero_residual_physics_and_observed_trace (tests.test_bser_effect_integration.BoundedTests) ... ok
test_default_is_plan_only (tests.test_bser_effect_runner.RunnerTests) ... ok
test_group_names_and_terminal_contract (tests.test_bser_effect_runner.RunnerTests) ... ok
test_pairing_retains_failure_penalty_and_no_results_are_called_success (tests.test_bser_effect_runner.RunnerTests) ... ok
test_program_failure_is_incomplete_and_protected_outputs_rejected (tests.test_bser_effect_runner.RunnerTests) ... ok
test_scheduler_and_resume_use_same_verified_scene_jobs_without_real_processes (tests.test_bser_effect_runner.RunnerTests) ... ok
test_all_profiles_parent_before_scope_and_sources_checked (tests.test_bser_effect_runner.SourceTests) ... ok
test_exact_evolution_preserves_all_old_runtime_bytes (tests.test_bser_effect_runner.SourceTests) ... FAIL
test_coordinate_greedy_uses_supplied_d2_seed_and_rejects_out_of_pool_seed (tests.test_bser_final.GuardTests) ... ok
test_deterministic_budget_aborts_instead_of_returning_prefix_winner (tests.test_bser_final.GuardTests) ... ok
test_enumeration_finds_joint_improvement_coordinate_greedy_misses (tests.test_bser_final.GuardTests) ... ok
test_search_tradeoff_risk_compensation_and_each_ablation (tests.test_bser_final.GuardTests) ... ok
test_connector_budget_is_not_reported_as_physical_unreachability (tests.test_bser_final.PublicEndpointTests) ... ok
test_role_specific_prior_strength (tests.test_bser_final.PublicEndpointTests) ... ok
test_verified_continuous_connection_without_mutating_snapshot (tests.test_bser_final.PublicEndpointTests) ... ok
test_existing_coverage_is_not_new_near_term_mass (tests.test_bser_final.TemporalTests) ... ok
test_repeat_observation_not_independent_and_response_uses_discovery_time (tests.test_bser_final.TemporalTests) ... ok
test_stale_public_snapshot_is_incomparable (tests.test_bser_final.TemporalTests) ... ok
test_all_six_interventions_reach_real_event_path_with_zero_actions (tests.test_bser_final_integration.RuntimeTests) ... ok
test_budget_fallback_and_preview_do_not_mutate_live_controller_or_rng (tests.test_bser_final_integration.RuntimeTests) ... ok
test_f0_delegates_exact_d2_physical_and_guidance_behavior (tests.test_bser_final_integration.RuntimeTests) ... ok
test_default_is_plan_only_and_terminal_labels_match_actual_arm (tests.test_bser_final_runner.RunnerTests) ... ok
test_failure_is_not_a_physical_timeout_or_silent_retry (tests.test_bser_final_runner.RunnerTests) ... ok
test_incomplete_and_extra_rows_cannot_look_like_full_result (tests.test_bser_final_runner.RunnerTests) ... ok
test_seven_arms_resume_and_stage_are_propagated_without_real_processes (tests.test_bser_final_runner.RunnerTests) ... ok
test_fresh_population_is_frozen_and_source_bound_without_generation (tests.test_bser_final_runner.ScenarioTests) ... ok
test_resealed_overlap_or_duplicate_is_still_rejected (tests.test_bser_final_runner.ScenarioTests) ... ok
test_all_profiles_parent_and_source_corruption_rejected (tests.test_bser_final_runner.SourceTests) ... ok
test_only_new_namespace_and_exact_dispatch_hook_changed (tests.test_bser_final_runner.SourceTests) ... FAIL
test_baseline_maddpg_evolution_exists_and_records_independent_methods (tests.test_ch3_baseline_provenance.BaselineProvenanceTests) ... ok
test_changed_removed_and_added_baseline_inputs_are_rejected (tests.test_ch3_baseline_provenance.BaselineProvenanceTests) ... test_documentation_and_historical_metadata_are_not_runtime_inputs (tests.test_ch3_baseline_provenance.BaselineProvenanceTests) ... FAIL
test_evolution_preserves_all_historical_records_and_exact_new_hashes (tests.test_ch3_baseline_provenance.BaselineProvenanceTests) ... FAIL
test_final_pin_integrity_and_native_checkpoint_identity_are_retained (tests.test_ch3_baseline_provenance.BaselineProvenanceTests) ... FAIL
test_invalid_manifest_or_changed_production_binding_is_rejected (tests.test_ch3_baseline_provenance.BaselineProvenanceTests) ... test_linux_inventory_excludes_windows_bytes_but_launchers_still_run (tests.test_ch3_baseline_provenance.BaselineProvenanceTests) ... FAIL
test_linux_provenance_platform_independent (tests.test_ch3_baseline_provenance.BaselineProvenanceTests) ... FAIL
test_real_source_inventory_changes_fail_for_every_protected_directory (tests.test_ch3_baseline_provenance.BaselineProvenanceTests) ... FAIL
test_scanner_keeps_linux_byte_protection_and_ignores_windows_eol (tests.test_ch3_baseline_provenance.BaselineProvenanceTests) ... ok
test_help_and_training_check_only_never_construct_trainer (tests.test_ch3_baseline_registry.EntryTests) ... ok
test_windows_scripts_help_and_error_exit_from_other_directory (tests.test_ch3_baseline_registry.EntryTests) ... ok
test_checkpoint_is_required_and_cannot_be_relabelled_from_HGR_or_other_baseline (tests.test_ch3_baseline_registry.EvaluationRoutingTests) ... ok
test_native_failure_keeps_original_error_and_unknown_interrupted_cost (tests.test_ch3_baseline_registry.EvaluationRoutingTests) ... ok
test_native_learned_evaluator_dispatch_and_uniform_outputs (tests.test_ch3_baseline_registry.EvaluationRoutingTests) ... ok
test_output_and_manifest_guards_run_before_training_or_runtime_creation (tests.test_ch3_baseline_registry.EvaluationRoutingTests) ... ok
test_partial_summary_rates_stay_null_and_updates_cannot_be_hidden (tests.test_ch3_baseline_registry.EvaluationRoutingTests) ... ok
test_same_manifest_and_task_identity_for_four_baselines (tests.test_ch3_baseline_registry.EvaluationRoutingTests) ... FAIL
test_B0_and_B1_same_task_two_steps_zero_residual_B1_uses_joint_BSER (tests.test_ch3_baseline_registry.PriorRuntimeIntegrationTests) ... ERROR
test_B1_full_task_through_unified_evaluator_without_learning (tests.test_ch3_baseline_registry.PriorRuntimeIntegrationTests) ... ok
test_zero_source_does_not_consume_policy_generator (tests.test_ch3_baseline_registry.PriorRuntimeIntegrationTests) ... ok
test_B0_B1_planning_and_zero_residual_contracts (tests.test_ch3_baseline_registry.RegistryTests) ... ok
test_B0_protected_sources_and_framework_script_inventory (tests.test_ch3_baseline_registry.RegistryTests) ... ok
test_B2_B3_are_independent_maddpg_methods_with_the_same_task (tests.test_ch3_baseline_registry.RegistryTests) ... ok
test_B3_does_not_reuse_the_historical_hgr_method_identity (tests.test_ch3_baseline_registry.RegistryTests) ... ok
test_actual_reference_training_plan_keeps_common_task_parameters (tests.test_ch3_baseline_registry.RegistryTests) ... ok
test_four_methods_cannot_change_collision_protocol_or_horizon (tests.test_ch3_baseline_registry.RegistryTests) ... ok
test_registry_tampering_is_rejected (tests.test_ch3_baseline_registry.RegistryTests) ... ok
test_training_sidecar_does_not_claim_budget_stop_is_completion (tests.test_ch3_baseline_registry.RegistryTests) ... ok
test_b2_checkpoint_identity (tests.test_ch3_baseline_training.IndependentTrainingTests) ... ok
test_b2_has_independent_trainer (tests.test_ch3_baseline_training.IndependentTrainingTests) ... ok
test_b3_has_boundary_encoder (tests.test_ch3_baseline_training.IndependentTrainingTests) ... ok
test_boundary_features_condition_current_and_target_actions (tests.test_ch3_baseline_training.IndependentTrainingTests) ... ok
test_real_checkpoints_evaluate_without_optimizer_updates (tests.test_ch3_baseline_training.IndependentTrainingTests)
Exercise the real learned evaluator and source gate with saved weights. ... ok
test_b0_b1_unchanged (tests.test_ch3_baseline_training.TrainingEntryTests) ... FAIL
test_evaluation_rejects_hgr_checkpoint (tests.test_ch3_baseline_training.TrainingEntryTests) ... ok
test_training_check_only (tests.test_ch3_baseline_training.TrainingEntryTests) ... ok
ERROR
test_identity_directly_records_requested_reference_and_protocol (tests.test_ch3_baseline_validation.B1SmokeTests) ... ok
test_provenance_is_verifiable_through_linked_resolved_config (tests.test_ch3_baseline_validation.B1SmokeTests) ... ok
test_required_summary_and_artifacts (tests.test_ch3_baseline_validation.B1SmokeTests) ... ok
test_runtime_no_learning_and_zero_residual (tests.test_ch3_baseline_validation.B1SmokeTests) ... ok
test_summary_contains_requested_residual_scalar (tests.test_ch3_baseline_validation.B1SmokeTests) ... ok
test_check_only_never_constructs_trainer_or_writes_outputs (tests.test_ch3_baseline_validation.ContractValidationTests) ... ok
test_direct_training_configs_preserve_the_common_task (tests.test_ch3_baseline_validation.ContractValidationTests) ... ok
test_entry_help_and_training_rejection_for_priors (tests.test_ch3_baseline_validation.ContractValidationTests) ... ok
test_frozen_production_and_baseline_source_gates (tests.test_ch3_baseline_validation.ContractValidationTests) ... FAIL
test_registry_module_and_exact_four_contracts (tests.test_ch3_baseline_validation.ContractValidationTests) ... test_same_planning_state_has_distinct_objective_and_standby_paths (tests.test_ch3_baseline_validation.ContractValidationTests) ... ok
test_adapter_disabled_still_overrides (tests.test_collision_terminal_protocol.CollisionEnvironmentTests) ... ok
test_collision_beats_deadline (tests.test_collision_terminal_protocol.CollisionEnvironmentTests) ... ok
test_deadline_success_and_timeout (tests.test_collision_terminal_protocol.CollisionEnvironmentTests) ... ok
test_every_agent_and_phase_ends_team_with_final_reward (tests.test_collision_terminal_protocol.CollisionEnvironmentTests) ... ok
test_frozen_agent_has_no_phantom_collision (tests.test_collision_terminal_protocol.CollisionEnvironmentTests) ... ok
test_invalid_reset_has_explicit_diagnostic (tests.test_collision_terminal_protocol.CollisionEnvironmentTests) ... ok
test_segment_tunnelling_and_legacy_endpoint_behavior (tests.test_collision_terminal_protocol.CollisionEnvironmentTests) ... ok
test_simultaneous_agents_one_team_failure_and_no_success_event (tests.test_collision_terminal_protocol.CollisionEnvironmentTests) ... ok
test_target_contact_and_separation_are_not_obstacle_collision (tests.test_collision_terminal_protocol.CollisionEnvironmentTests) ... ok
test_terminal_reward_configuration_is_validated (tests.test_collision_terminal_protocol.CollisionEnvironmentTests) ... ok
test_closed_geometry_cases (tests.test_collision_terminal_protocol.CollisionGeometryTests) ... ok
test_invalid_geometry_rejected (tests.test_collision_terminal_protocol.CollisionGeometryTests) ... ok
test_100_pair_plan_only_and_protocol_provenance (tests.test_collision_terminal_protocol.CollisionTrainingTests) ... ok
test_cache_and_metric_missingness (tests.test_collision_terminal_protocol.CollisionTrainingTests) ... ok
test_collector_preserves_terminal_transition_and_does_not_replan (tests.test_collision_terminal_protocol.CollisionTrainingTests) ... ok
test_critic_terminal_nan_next_state_never_evaluated (tests.test_collision_terminal_protocol.CollisionTrainingTests) ... ok
test_critic_warmup_freezes_actors_and_updates_critics (tests.test_collision_terminal_protocol.CollisionTrainingTests) ... ok
test_existing_strict_failure_and_plot_artifacts_are_protected (tests.test_collision_terminal_protocol.CollisionTrainingTests) ... ok
test_mixed_batch_only_nonterminal_rows_bootstrap (tests.test_collision_terminal_protocol.CollisionTrainingTests) ... ok
test_real_warmstart_training_summary_and_same_protocol_resume (tests.test_collision_terminal_protocol.CollisionTrainingTests) ... ok
test_strict_checkpoint_roundtrip_preserves_identity_and_replay (tests.test_collision_terminal_protocol.CollisionTrainingTests) ... ok
test_strict_evaluation_writes_complete_report_and_resumes_cache (tests.test_collision_terminal_protocol.CollisionTrainingTests) ... ok
test_strict_evaluator_terminal_never_calls_actor_for_prior_only (tests.test_collision_terminal_protocol.CollisionTrainingTests) ... ok
test_transfer_actor_only_and_resume_rejected (tests.test_collision_terminal_protocol.CollisionTrainingTests) ... ok
test_damped_hold_reduces_stopping_distance_without_zeroing_velocity (tests.test_found_search_v2.HoldAndBrakingTests) ... ok
test_fixed_reference_limits_drift_under_constant_public_disturbance (tests.test_found_search_v2.HoldAndBrakingTests) ... ok
test_found_disables_overlay_and_preserves_executor_guidance (tests.test_found_search_v2.HoldAndBrakingTests) ... ok
test_latched_hold_keeps_reference_across_drift_and_route_change (tests.test_found_search_v2.HoldAndBrakingTests) ... ok
test_new_obstacle_invalidates_anchor_explicitly (tests.test_found_search_v2.HoldAndBrakingTests) ... ok
test_observed_disturbance_needs_no_flow_or_truth_accessor (tests.test_found_search_v2.HoldAndBrakingTests) ... ok
test_prediction_rejects_swept_collision_despite_clear_command_segment (tests.test_found_search_v2.HoldAndBrakingTests) ... ok
test_reference_factory_is_exact_parent (tests.test_found_search_v2.HoldAndBrakingTests) ... ok
test_repeated_compile_is_idempotent_and_conflicting_assignment_rejected (tests.test_found_search_v2.HoldAndBrakingTests) ... ok
test_safe_route_releases_hold_anchor (tests.test_found_search_v2.HoldAndBrakingTests) ... ok
test_search_turn_threshold_does_not_change_executor_or_found_behavior (tests.test_found_search_v2.HoldAndBrakingTests) ... ok
test_velocity_encoding_respects_existing_speed_limits (tests.test_found_search_v2.HoldAndBrakingTests) ... ok
test_forced_refresh_does_not_bypass_per_agent_retry_clock (tests.test_found_search_v2.RecoveryTests) ... ok
test_found_has_no_search_recovery_queries (tests.test_found_search_v2.RecoveryTests) ... ok
test_invalid_agent_does_not_block_two_healthy_agents (tests.test_found_search_v2.RecoveryTests) ... ok
test_both_parent_and_repaired_runtime_contracts_and_nominal_prediction (tests.test_found_search_v2_integration.BoundedRuntimeTests) ... ok
test_exact_additive_profile_preserves_all_old_runtime_files (tests.test_found_search_v2_runner.EvolutionTests) ... ERROR
test_new_sources_and_review_document_are_not_exempted (tests.test_found_search_v2_runner.EvolutionTests) ... ok
test_recomputed_manifest_cannot_change_scope_or_before_binding (tests.test_found_search_v2_runner.EvolutionTests) ... ok
test_actual_timeouts_and_collisions_accepted_but_cutoffs_rejected (tests.test_found_search_v2_runner.RunnerTests) ... ok
test_arms_require_reference_and_do_not_reinterpret_v_names (tests.test_found_search_v2_runner.RunnerTests) ... ok
test_atomic_json_writer_publishes_valid_value (tests.test_found_search_v2_runner.RunnerTests) ... ok
test_cli_defaults_to_plan_without_simulator_execution (tests.test_found_search_v2_runner.RunnerTests) ... ok
test_final_source_failure_cannot_publish_complete_summary (tests.test_found_search_v2_runner.RunnerTests) ... ok
test_missing_coverage_wrong_arm_and_nonzero_actions_rejected (tests.test_found_search_v2_runner.RunnerTests) ... ok
test_penalized_time_keeps_failures_and_incomplete_rates_are_null (tests.test_found_search_v2_runner.RunnerTests) ... ok
test_program_failure_never_becomes_a_task_timeout (tests.test_found_search_v2_runner.RunnerTests) ... ok
test_protected_output_rejected_even_for_resume (tests.test_found_search_v2_runner.RunnerTests) ... ok
test_scheduler_and_resume_reuse_only_verified_completed_rows (tests.test_found_search_v2_runner.RunnerTests) ... ok
test_checkpoint_integrity_rng_and_source_rejection (tests.test_hgr_evaluation.HGREvaluationProductionTests) ... ok
test_failures_interruptions_preserve_prefix_and_nonzero_cli (tests.test_hgr_evaluation.HGREvaluationProductionTests) ... ok
test_fresh_end_checks_detect_policy_source_checkpoint_and_manifest_changes (tests.test_hgr_evaluation.HGREvaluationProductionTests) ... ok
test_generated_evaluation_persists_initial_plan_actual_config_and_random_streams (tests.test_hgr_evaluation.HGREvaluationProductionTests) ... ok
test_real_production_evaluation_matches_fixed_reference_actions_rewards_events (tests.test_hgr_evaluation.HGREvaluationProductionTests) ... ok
test_boolean_missing_contradictory_unknown_and_clock (tests.test_hgr_evaluation.HGREvaluationUnitTests) ... ok
test_manifest_identity_validation_canonical_order_mode_and_pairing (tests.test_hgr_evaluation.HGREvaluationUnitTests) ... ok
test_output_preflight_all_methods_apis_cli_and_initialization_routes (tests.test_hgr_evaluation.HGREvaluationUnitTests) ... ok
test_resolved_config_preserves_existing_optional_environment_defaults (tests.test_hgr_evaluation.HGREvaluationUnitTests) ... ok
test_shared_task_metrics_and_real_clock_adapter (tests.test_hgr_evaluation.HGREvaluationUnitTests) ... ok
test_source_inventory_aggregate_and_difference (tests.test_hgr_evaluation.HGREvaluationUnitTests) ... ok
test_generated_m20_scenario_reaches_real_production_collector (tests.test_hgr_integration.HGRIntegrationTests) ... ERROR
test_no_handoff_cycle_retains_old_gradient_and_budget_completes_cycle (tests.test_hgr_integration.HGRIntegrationTests) ... ok
test_production_two_cycles_resume_and_matching_baseline_entries (tests.test_hgr_integration.HGRIntegrationTests) ... ok
test_real_boundary_snapshot_exact_continuation_and_spawn (tests.test_hgr_integration.HGRIntegrationTests) ... 