test_collision_public_facade_evolution_is_exact (tests.test_repository_metadata.RepositoryMetadataTests) ... ok
test_formal_evidence_is_not_ignored (tests.test_repository_metadata.RepositoryMetadataTests) ... ok
test_hgr_registry_evolution_is_exact_and_preserves_previous_review (tests.test_repository_metadata.RepositoryMetadataTests) ... ok
test_metadata_matches_chapter3_phase1c_wip (tests.test_repository_metadata.RepositoryMetadataTests) ... ok
test_phase0b2_provenance_and_permitted_post_baseline_evolution (tests.test_repository_metadata.RepositoryMetadataTests) ... ok
test_phase1c_registry_evolution_preserves_legacy_active_modes (tests.test_repository_metadata.RepositoryMetadataTests) ... ok
test_exact_layout (tests.test_observation_28d_contract.ObservationContractTests) ... ok
test_cpu_reset_step_and_public_views (tests.test_mission_core_contract.MissionCoreContractTests) ... ok
test_adapter_disabled_still_overrides (tests.test_collision_terminal_protocol.CollisionEnvironmentTests) ... ok
test_collision_beats_deadline (tests.test_collision_terminal_protocol.CollisionEnvironmentTests) ... ok
test_deadline_success_and_timeout (tests.test_collision_terminal_protocol.CollisionEnvironmentTests) ... ok
test_every_agent_and_phase_ends_team_with_final_reward (tests.test_collision_terminal_protocol.CollisionEnvironmentTests) ... ok
test_frozen_agent_has_no_phantom_collision (tests.test_collision_terminal_protocol.CollisionEnvironmentTests) ... ok
test_invalid_reset_has_explicit_diagnostic (tests.test_collision_terminal_protocol.CollisionEnvironmentTests) ... ok
test_segment_tunnelling_and_legacy_endpoint_behavior (tests.test_collision_terminal_protocol.CollisionEnvironmentTests) ... ok
test_simultaneous_agents_one_team_failure_and_no_success_event (tests.test_collision_terminal_protocol.CollisionEnvironmentTests) ... ok
test_target_contact_and_separation_are_not_obstacle_collision (tests.test_collision_terminal_protocol.CollisionEnvironmentTests) ... ok
test_terminal_reward_configuration_is_validated (tests.test_collision_terminal_protocol.CollisionEnvironmentTests) ... ok
test_closed_geometry_cases (tests.test_collision_terminal_protocol.CollisionGeometryTests) ... ok
test_invalid_geometry_rejected (tests.test_collision_terminal_protocol.CollisionGeometryTests) ... ok
test_100_pair_plan_only_and_protocol_provenance (tests.test_collision_terminal_protocol.CollisionTrainingTests) ... ok
test_cache_and_metric_missingness (tests.test_collision_terminal_protocol.CollisionTrainingTests) ... ok
test_collector_preserves_terminal_transition_and_does_not_replan (tests.test_collision_terminal_protocol.CollisionTrainingTests) ... ok
test_critic_terminal_nan_next_state_never_evaluated (tests.test_collision_terminal_protocol.CollisionTrainingTests) ... ok
test_critic_warmup_freezes_actors_and_updates_critics (tests.test_collision_terminal_protocol.CollisionTrainingTests) ... ok
test_existing_strict_failure_and_plot_artifacts_are_protected (tests.test_collision_terminal_protocol.CollisionTrainingTests) ... ok
test_mixed_batch_only_nonterminal_rows_bootstrap (tests.test_collision_terminal_protocol.CollisionTrainingTests) ... ok
{"episode": 1, "environment_steps": 1, "training_updates": 1, "recent_safe_success": 0.0, "recent_collision_failure": 1.0, "latest_checkpoint": "C:\\Users\\lenovo\\AppData\\Local\\Temp\\tmp5dyjczl8\\collision_terminal\\warmstart\\checkpoints\\phase1c_prrac_episode_0001.pt", "elapsed_seconds": 78.14824369999951}
{"episode": 2, "environment_steps": 2, "training_updates": 2, "recent_safe_success": 0.0, "recent_collision_failure": 1.0, "latest_checkpoint": "C:\\Users\\lenovo\\AppData\\Local\\Temp\\tmp5dyjczl8\\collision_terminal\\warmstart\\checkpoints\\phase1c_prrac_episode_0002.pt", "elapsed_seconds": 147.36856009999974}
{"episode": 2, "environment_steps": 2, "training_updates": 2, "recent_safe_success": 0.0, "recent_collision_failure": 1.0, "latest_checkpoint": "C:\\Users\\lenovo\\AppData\\Local\\Temp\\tmp5dyjczl8\\collision_terminal\\resumed\\checkpoints\\phase1c_prrac_episode_0002.pt", "elapsed_seconds": 67.72728800000004}
test_real_warmstart_training_summary_and_same_protocol_resume (tests.test_collision_terminal_protocol.CollisionTrainingTests) ... ok
test_strict_checkpoint_roundtrip_preserves_identity_and_replay (tests.test_collision_terminal_protocol.CollisionTrainingTests) ... ok
test_strict_evaluation_writes_complete_report_and_resumes_cache (tests.test_collision_terminal_protocol.CollisionTrainingTests) ... ok
test_strict_evaluator_terminal_never_calls_actor_for_prior_only (tests.test_collision_terminal_protocol.CollisionTrainingTests) ... ok
test_transfer_actor_only_and_resume_rejected (tests.test_collision_terminal_protocol.CollisionTrainingTests) ... ok
test_final_source_mean_broadcast_and_discount_accounting (tests.test_team_reward.TeamRewardTests) ... ok
test_objective_transfer_is_explicit_and_evaluation_cache_rejects_mix (tests.test_team_reward.TeamRewardTests) ... ok
test_real_checkpoint_actor_warmstart_and_hgr_mean_initialization (tests.test_team_reward.TeamRewardTests) ... ok
test_real_prrac_collector_replay_and_critic_use_final_team_signal (tests.test_team_reward.TeamRewardTests) ... ok
test_team_config_changes_only_objective_and_output (tests.test_team_reward.TeamRewardTests) ... ok
test_tracks_path_in_order_without_jumping_to_final_waypoint (tests.test_phase1b2_path_tracking.Phase1B2PathTrackingTest) ... ok
test_phase1c_config_is_disabled_by_default (tests.test_phase1c_guidance.Phase1CGuidanceSmokeTest) ... ok
test_reset_step_guidance_and_replay_transition_are_aligned (tests.test_phase1c_guidance.Phase1CGuidanceSmokeTest) ... ok
