test_adapter_disabled_still_overrides (tests.test_collision_terminal_protocol.CollisionEnvironmentTests) ... ok
test_collision_beats_deadline (tests.test_collision_terminal_protocol.CollisionEnvironmentTests) ... ok
test_deadline_success_and_timeout (tests.test_collision_terminal_protocol.CollisionEnvironmentTests) ... ok
test_every_agent_and_phase_ends_team_with_final_reward (tests.test_collision_terminal_protocol.CollisionEnvironmentTests) ... ok
test_frozen_agent_has_no_phantom_collision (tests.test_collision_terminal_protocol.CollisionEnvironmentTests) ... ok
test_invalid_reset_has_explicit_diagnostic (tests.test_collision_terminal_protocol.CollisionEnvironmentTests) ... ok
test_segment_tunnelling_and_legacy_endpoint_behavior (tests.test_collision_terminal_protocol.CollisionEnvironmentTests) ... ok
test_simultaneous_agents_one_team_failure_and_no_success_event (tests.test_collision_terminal_protocol.CollisionEnvironmentTests) ... ok
test_target_contact_and_separation_are_not_obstacle_collision (tests.test_collision_terminal_protocol.CollisionEnvironmentTests) ... ok
test_terminal_reward_configuration_is_validated (tests.test_collision_terminal_protocol.CollisionEnvironmentTests) ... ok
test_closed_geometry_cases (tests.test_collision_terminal_protocol.CollisionGeometryTests) ... ok
test_invalid_geometry_rejected (tests.test_collision_terminal_protocol.CollisionGeometryTests) ... ok
test_100_pair_plan_only_and_protocol_provenance (tests.test_collision_terminal_protocol.CollisionTrainingTests) ... ok
test_cache_and_metric_missingness (tests.test_collision_terminal_protocol.CollisionTrainingTests) ... ok
test_collector_preserves_terminal_transition_and_does_not_replan (tests.test_collision_terminal_protocol.CollisionTrainingTests) ... ok
test_critic_terminal_nan_next_state_never_evaluated (tests.test_collision_terminal_protocol.CollisionTrainingTests) ... ok
test_critic_warmup_freezes_actors_and_updates_critics (tests.test_collision_terminal_protocol.CollisionTrainingTests) ... ok
test_mixed_batch_only_nonterminal_rows_bootstrap (tests.test_collision_terminal_protocol.CollisionTrainingTests) ... ok
test_strict_checkpoint_roundtrip_preserves_identity_and_replay (tests.test_collision_terminal_protocol.CollisionTrainingTests) ... ok
test_strict_evaluation_writes_complete_report_and_resumes_cache (tests.test_collision_terminal_protocol.CollisionTrainingTests) ... FAIL
test_strict_evaluator_terminal_never_calls_actor_for_prior_only (tests.test_collision_terminal_protocol.CollisionTrainingTests) ... ok
test_transfer_actor_only_and_resume_rejected (tests.test_collision_terminal_protocol.CollisionTrainingTests) ... ok

======================================================================
FAIL: test_strict_evaluation_writes_complete_report_and_resumes_cache (tests.test_collision_terminal_protocol.CollisionTrainingTests)
----------------------------------------------------------------------
Traceback (most recent call last):
  File "E:\gym\code\WORKSPACE\AUV-Thesis\tests\test_collision_terminal_protocol.py", line 389, in test_strict_evaluation_writes_complete_report_and_resumes_cache
    self.assertEqual(outcome["n_valid_episodes"],1)
AssertionError: 0 != 1

----------------------------------------------------------------------
Ran 22 tests in 239.166s

FAILED (failures=1)
